=== DNS VALIDATION TEST RESULTS ===

--- Test Execution Logs ---
[2025-07-11T23:37:04.107Z] === DNS Validation Test Started ===
[2025-07-11T23:37:12.408Z] ✅ Login successful - redirected away from login page
[2025-07-11T23:37:12.408Z] Creating new campaign...
[2025-07-11T23:37:12.508Z] 🔍 [FRONTEND LOG] [AppLayout] Cleaning up global WebSocket services
[2025-07-11T23:37:12.508Z] 🔍 [FRONTEND LOG] 🔌 [WebSocketService] Disconnecting all channels
[2025-07-11T23:37:13.011Z] 🔍 [FRONTEND LOG] [DashboardActivity] Connecting to WebSocket for dashboard activity updates...
[2025-07-11T23:37:13.011Z] 🔍 [FRONTEND LOG] 🔗 [WebSocketService] Connecting to channel: dashboard-activity
[2025-07-11T23:37:13.011Z] 🔍 [FRONTEND LOG] 🔗 [WebSocketService] Establishing WebSocket connection for dashboard-activity: ws://localhost:8080/api/v2/ws
[2025-07-11T23:37:13.011Z] 🔍 [FRONTEND LOG] 📝 [WebSocketService] Added subscriber 4sb2fn3z65b to channel dashboard-activity. Total subscribers: 1
[2025-07-11T23:37:13.011Z] 🔍 [FRONTEND LOG] [DashboardActivity] Connecting to WebSocket for dashboard activity updates...
[2025-07-11T23:37:13.011Z] 🔍 [FRONTEND LOG] 🔗 [WebSocketService] Connecting to channel: dashboard-activity
[2025-07-11T23:37:13.012Z] 🔍 [FRONTEND LOG] 📝 [WebSocketService] Added subscriber t6qxlvv4hwb to channel dashboard-activity. Total subscribers: 2
[2025-07-11T23:37:13.012Z] 🔍 [FRONTEND LOG] [DashboardActivity] Connecting to WebSocket for dashboard activity updates...
[2025-07-11T23:37:13.012Z] 🔍 [FRONTEND LOG] 🔗 [WebSocketService] Connecting to channel: dashboard-activity
[2025-07-11T23:37:13.012Z] 🔍 [FRONTEND LOG] 📝 [WebSocketService] Added subscriber 1kploctw6id to channel dashboard-activity. Total subscribers: 3
[2025-07-11T23:37:13.012Z] 🔍 [FRONTEND LOG] [DashboardActivity] Connecting to WebSocket for dashboard activity updates...
[2025-07-11T23:37:13.012Z] 🔍 [FRONTEND LOG] 🔗 [WebSocketService] Connecting to channel: dashboard-activity
[2025-07-11T23:37:13.012Z] 🔍 [FRONTEND LOG] 📝 [WebSocketService] Added subscriber 6o22vt1npzs to channel dashboard-activity. Total subscribers: 4
[2025-07-11T23:37:13.667Z] 🔍 [FRONTEND LOG] ✅ [WebSocketService] Connected to channel: dashboard-activity
[2025-07-11T23:37:13.667Z] 🔍 [FRONTEND LOG] [DashboardActivity] WebSocket connected for dashboard activity push updates
[2025-07-11T23:37:13.675Z] 🔍 [FRONTEND LOG] [DashboardActivity] WebSocket connected for dashboard activity push updates
[2025-07-11T23:37:13.680Z] 🔍 [FRONTEND LOG] [DashboardActivity] WebSocket connected for dashboard activity push updates
[2025-07-11T23:37:13.774Z] 🔍 [FRONTEND LOG] [DashboardActivity] WebSocket connected for dashboard activity push updates
[2025-07-11T23:37:14.127Z] 🔍 [FRONTEND LOG] [CampaignService] Extracted campaign data: {id: 8449c16a-529f-4210-aeac-45908af1d616, name: DNS-Test-1752276653090, campaignType: dns_validation, status: completed, launchSequence: false}
[2025-07-11T23:37:14.198Z] 🔍 [FRONTEND LOG] [CampaignService] Getting DNS validation results for campaign: 8449c16a-529f-4210-aeac-45908af1d616 {limit: 1000}
[2025-07-11T23:37:14.198Z] 🔍 [FRONTEND LOG] [CampaignService] Extracted campaign data: {id: 798e64f0-cecd-4069-b9d8-253929446543, name: DNS-Test-1752267079398, campaignType: domain_generation, status: running, launchSequence: false}
[2025-07-11T23:37:14.198Z] 🔍 [FRONTEND LOG] [CampaignService] Getting DNS validation results for campaign: 798e64f0-cecd-4069-b9d8-253929446543 {limit: 1000}
[2025-07-11T23:37:14.218Z] 🔍 [FRONTEND LOG] [CampaignService] Extracted campaign data: {id: 92f71e7a-a06d-4fa2-bccc-d7d26c5bd6c3, name: DNS-Test-1752276089580, campaignType: domain_generation, status: completed, launchSequence: false}
[2025-07-11T23:37:14.225Z] 🔍 [FRONTEND LOG] [CampaignService] Getting DNS validation results for campaign: 92f71e7a-a06d-4fa2-bccc-d7d26c5bd6c3 {limit: 1000}
[2025-07-11T23:37:14.271Z] 🔍 [FRONTEND LOG] [CampaignService] Extracted campaign data: {id: f7755854-88e4-4bd3-bdf6-b9e47ee3394c, name: DNS-Test-1752276879455, campaignType: dns_validation, status: completed, launchSequence: false}
[2025-07-11T23:37:14.271Z] 🔍 [FRONTEND LOG] [CampaignService] Getting DNS validation results for campaign: f7755854-88e4-4bd3-bdf6-b9e47ee3394c {limit: 1000}
[2025-07-11T23:37:14.404Z] 🔍 [FRONTEND LOG] [CampaignService] Extracted campaign data: {id: 73c3ed0f-f179-4e6b-a3a2-5b6e0e35c480, name: DNS-Test-1752266456097, campaignType: domain_generation, status: completed, launchSequence: false}
[2025-07-11T23:37:14.404Z] 🔍 [FRONTEND LOG] [CampaignService] Getting DNS validation results for campaign: 73c3ed0f-f179-4e6b-a3a2-5b6e0e35c480 {limit: 1000}
[2025-07-11T23:37:14.419Z] 🔍 [FRONTEND LOG] [2025-07-11T23:37:14.276Z] [ProductionReadinessCheck] 🔌 Checking WebSocket connection status...
[2025-07-11T23:37:14.419Z] 🔍 [FRONTEND LOG] [2025-07-11T23:37:14.276Z] [ProductionReadinessCheck] ✅ WebSocket connectivity check PASSED - active persistent connections found
[2025-07-11T23:37:14.459Z] 🔍 [FRONTEND LOG] [2025-07-11T23:37:14.279Z] [ProductionReadinessCheck] 🔌 Checking WebSocket connection status...
[2025-07-11T23:37:14.459Z] 🔍 [FRONTEND LOG] [2025-07-11T23:37:14.280Z] [ProductionReadinessCheck] ✅ WebSocket connectivity check PASSED - active persistent connections found
[2025-07-11T23:37:14.459Z] 🔍 [FRONTEND LOG] 📤 [WebSocketService] Sending message to channel dashboard-activity: {type: connection_init, timestamp: 2025-07-11T23:37:14.281Z}
[2025-07-11T23:37:14.459Z] 🔍 [FRONTEND LOG] 📤 [WebSocketService] Sending message to channel dashboard-activity: {type: subscribe_dashboard_activity, timestamp: 2025-07-11T23:37:14.281Z}
[2025-07-11T23:37:14.488Z] 🔍 [FRONTEND LOG] [2025-07-11T23:37:14.283Z] [ProductionReadinessCheck] 🔌 Checking WebSocket connection status...
[2025-07-11T23:37:14.488Z] 🔍 [FRONTEND LOG] [2025-07-11T23:37:14.283Z] [ProductionReadinessCheck] ✅ WebSocket connectivity check PASSED - active persistent connections found
[2025-07-11T23:37:14.489Z] 🔍 [FRONTEND LOG] [2025-07-11T23:37:14.285Z] [ProductionReadinessCheck] 🔌 Checking WebSocket connection status...
[2025-07-11T23:37:14.489Z] 🔍 [FRONTEND LOG] [2025-07-11T23:37:14.285Z] [ProductionReadinessCheck] ✅ WebSocket connectivity check PASSED - active persistent connections found
[2025-07-11T23:37:14.489Z] 🔍 [FRONTEND LOG] [CampaignService] Extracted campaign data: {id: 8449c16a-529f-4210-aeac-45908af1d616, name: DNS-Test-1752276653090, campaignType: dns_validation, status: completed, launchSequence: false}
[2025-07-11T23:37:14.489Z] 🔍 [FRONTEND LOG] [CampaignService] Getting DNS validation results for campaign: 8449c16a-529f-4210-aeac-45908af1d616 {limit: 1000}
[2025-07-11T23:37:14.489Z] 🔍 [FRONTEND LOG] [CampaignService] Extracted campaign data: {id: f7755854-88e4-4bd3-bdf6-b9e47ee3394c, name: DNS-Test-1752276879455, campaignType: dns_validation, status: completed, launchSequence: false}
[2025-07-11T23:37:14.489Z] 🔍 [FRONTEND LOG] [CampaignService] Getting DNS validation results for campaign: f7755854-88e4-4bd3-bdf6-b9e47ee3394c {limit: 1000}
[2025-07-11T23:37:14.491Z] 🔍 [FRONTEND LOG] [CampaignService] Extracted campaign data: {id: 92f71e7a-a06d-4fa2-bccc-d7d26c5bd6c3, name: DNS-Test-1752276089580, campaignType: domain_generation, status: completed, launchSequence: false}
[2025-07-11T23:37:14.491Z] 🔍 [FRONTEND LOG] [CampaignService] Getting DNS validation results for campaign: 92f71e7a-a06d-4fa2-bccc-d7d26c5bd6c3 {limit: 1000}
[2025-07-11T23:37:14.530Z] 🔍 [FRONTEND LOG] [CampaignService] Extracted campaign data: {id: 73c3ed0f-f179-4e6b-a3a2-5b6e0e35c480, name: DNS-Test-1752266456097, campaignType: domain_generation, status: completed, launchSequence: false}
[2025-07-11T23:37:14.530Z] 🔍 [FRONTEND LOG] [CampaignService] Getting DNS validation results for campaign: 73c3ed0f-f179-4e6b-a3a2-5b6e0e35c480 {limit: 1000}
[2025-07-11T23:37:14.581Z] 🔍 [FRONTEND LOG] [CampaignService] Extracted campaign data: {id: 798e64f0-cecd-4069-b9d8-253929446543, name: DNS-Test-1752267079398, campaignType: domain_generation, status: running, launchSequence: false}
[2025-07-11T23:37:14.581Z] 🔍 [FRONTEND LOG] [CampaignService] Getting DNS validation results for campaign: 798e64f0-cecd-4069-b9d8-253929446543 {limit: 1000}
[2025-07-11T23:37:15.643Z] 🔍 [FRONTEND LOG] [AppLayout] Cleaning up global WebSocket services
[2025-07-11T23:37:15.643Z] 🔍 [FRONTEND LOG] 🔌 [WebSocketService] Disconnecting all channels
[2025-07-11T23:37:15.702Z] 🔍 [FRONTEND LOG] [AppLayout] Cleaning up global WebSocket services
[2025-07-11T23:37:15.702Z] 🔍 [FRONTEND LOG] 🔌 [WebSocketService] Disconnecting all channels
[2025-07-11T23:37:15.707Z] 🔍 [FRONTEND LOG] [AppLayout] Cleaning up global WebSocket services
[2025-07-11T23:37:15.707Z] 🔍 [FRONTEND LOG] 🔌 [WebSocketService] Disconnecting all channels
[2025-07-11T23:37:15.899Z] 🔍 [FRONTEND LOG] [AuthContext] Checking session via backend cookie validation...
[2025-07-11T23:37:15.901Z] 🔍 [FRONTEND LOG] [AuthContext] Checking session via backend cookie validation...
[2025-07-11T23:37:16.182Z] 🔍 [FRONTEND LOG] [AuthContext] DIAGNOSTIC: Backend validation failed but preserving stored auth state with grace period
[2025-07-11T23:37:16.432Z] 🔍 [FRONTEND LOG] [AuthContext] DIAGNOSTIC: Backend validation failed but preserving stored auth state with grace period
[2025-07-11T23:37:20.358Z] 🔍 [FRONTEND LOG] 🚀 [CAMPAIGN_CREATION] Sending payload: {
  "campaignType": "domain_generation",
  "name": "DNS-Test-1752277038066",
  "description": "",
  "launchSequence": true,
  "domainGenerationParams": {
    "patternType": "prefix",
    "variableLength": 3,
    "characterSet": "abcdefghijklmnopqrstuvwxyz0123456789",
    "constantString": "test",
    "tld": ".com",
    "numDomainsToGenerate": 10
  }
}
[2025-07-11T23:37:20.358Z] 🔍 [FRONTEND LOG] [CampaignService] Creating campaign with payload: {campaignType: domain_generation, name: DNS-Test-1752277038066, description: , launchSequence: true, domainGenerationParams: Object}
[2025-07-11T23:37:21.175Z] 🔍 [FRONTEND LOG] 🔍 [DEBUG] WebSocket conditions check: {campaign: undefined, campaignType: undefined, status: undefined, progress: undefined}
[2025-07-11T23:37:21.175Z] 🔍 [FRONTEND LOG] ⏳ [DEBUG] WebSocket WAITING - Campaign data not loaded yet
[2025-07-11T23:37:21.175Z] 🔍 [FRONTEND LOG] 🔍 [DEBUG] WebSocket conditions check: {campaign: undefined, campaignType: undefined, status: undefined, progress: undefined}
[2025-07-11T23:37:21.175Z] 🔍 [FRONTEND LOG] ⏳ [DEBUG] WebSocket WAITING - Campaign data not loaded yet
[2025-07-11T23:37:21.403Z] 🔍 [FRONTEND LOG] 🔍 [DEBUG] WebSocket conditions check: {campaign: 5ab8635a-10c4-4516-a715-beec01f458f5, campaignType: domain_generation, status: queued, progress: 0}
[2025-07-11T23:37:21.403Z] 🔍 [FRONTEND LOG] 🔌 [DEBUG] WebSocket connection decision: {isActiveStatus: true, isCompletedDomainGeneration: false, isDNSValidationActive: false, currentPhase: idle, shouldConnect: true}
[2025-07-11T23:37:21.403Z] 🔍 [FRONTEND LOG] 🔍 [DEBUG] WebSocket conditions check: {campaign: 5ab8635a-10c4-4516-a715-beec01f458f5, campaignType: domain_generation, status: queued, progress: 0}
[2025-07-11T23:37:21.403Z] 🔍 [FRONTEND LOG] 🔌 [DEBUG] WebSocket connection decision: {isActiveStatus: true, isCompletedDomainGeneration: false, isDNSValidationActive: false, currentPhase: idle, shouldConnect: true}
[2025-07-11T23:37:21.493Z] 🔍 [FRONTEND LOG] 🔗 [WebSocketService] Connecting to channel: campaign-5ab8635a-10c4-4516-a715-beec01f458f5
[2025-07-11T23:37:21.512Z] 🔍 [FRONTEND LOG] 🔗 [WebSocketService] Establishing WebSocket connection for campaign-5ab8635a-10c4-4516-a715-beec01f458f5: ws://localhost:8080/api/v2/ws
[2025-07-11T23:37:21.515Z] 🔍 [FRONTEND LOG] 📝 [WebSocketService] Added subscriber dpfgzt40lh to channel campaign-5ab8635a-10c4-4516-a715-beec01f458f5. Total subscribers: 1
[2025-07-11T23:37:21.547Z] Campaign created, redirected to: http://localhost:3000/campaigns/5ab8635a-10c4-4516-a715-beec01f458f5?type=domain_generation
[2025-07-11T23:37:21.548Z] Waiting for domain generation to complete...
[2025-07-11T23:37:22.173Z] 🔍 [FRONTEND LOG] ✅ [WebSocketService] Connected to channel: campaign-5ab8635a-10c4-4516-a715-beec01f458f5
[2025-07-11T23:37:22.187Z] 🔍 [FRONTEND LOG] 📤 [WebSocketService] Sending message to channel campaign-5ab8635a-10c4-4516-a715-beec01f458f5: {type: connection_init, timestamp: 2025-07-11T23:37:22.184Z}
[2025-07-11T23:37:22.187Z] 🔍 [FRONTEND LOG] 📤 [WebSocketService] Sending message to channel campaign-5ab8635a-10c4-4516-a715-beec01f458f5: {type: subscribe_campaign, campaignId: 5ab8635a-10c4-4516-a715-beec01f458f5, timestamp: 2025-07-11T23:37:22.184Z, CampaignID: 5ab8635a-10c4-4516-a715-beec01f458f5}
[2025-07-11T23:37:22.189Z] 🔍 [FRONTEND LOG] 📥 [WebSocketService] Received message on campaign-5ab8635a-10c4-4516-a715-beec01f458f5: {type: connection_ack, campaignId: undefined, timestamp: 2025-07-11T23:37:22Z}
[2025-07-11T23:37:22.190Z] 🔍 [FRONTEND LOG] 🔍 [WEBSOCKET_DEBUG] Message received: {type: connection_ack, campaignId: undefined, data: Object, phase: undefined, status: undefined}
[2025-07-11T23:37:22.193Z] 🔍 [FRONTEND LOG] 📝 [WebSocket] Unhandled message type: connection_ack
[2025-07-11T23:37:22.193Z] 🔍 [FRONTEND LOG] 📥 [WebSocketService] Received message on campaign-5ab8635a-10c4-4516-a715-beec01f458f5: {type: subscription_confirmed, campaignId: 5ab8635a-10c4-4516-a715-beec01f458f5, timestamp: 2025-07-11T23:37:22Z}
[2025-07-11T23:37:22.193Z] 🔍 [FRONTEND LOG] 🔍 [WEBSOCKET_DEBUG] Message received: {type: subscription_confirmed, campaignId: 5ab8635a-10c4-4516-a715-beec01f458f5, data: Object, phase: undefined, status: undefined}
[2025-07-11T23:37:22.193Z] 🔍 [FRONTEND LOG] 📝 [WebSocket] Unhandled message type: subscription_confirmed
[2025-07-11T23:37:22.824Z] 🔍 [FRONTEND LOG] 📥 [WebSocketService] Received message on campaign-5ab8635a-10c4-4516-a715-beec01f458f5: {type: campaign_progress, campaignId: 5ab8635a-10c4-4516-a715-beec01f458f5, timestamp: 2025-07-11T23:37:22Z}
[2025-07-11T23:37:22.824Z] 🔍 [FRONTEND LOG] 🔍 [WEBSOCKET_DEBUG] Message received: {type: campaign_progress, campaignId: 5ab8635a-10c4-4516-a715-beec01f458f5, data: Object, phase: domain_generation, status: running}
[2025-07-11T23:37:22.884Z] 🔍 [FRONTEND LOG] 📥 [WebSocketService] Received message on campaign-5ab8635a-10c4-4516-a715-beec01f458f5: {type: domain_generated, campaignId: 5ab8635a-10c4-4516-a715-beec01f458f5, timestamp: 2025-07-11T23:37:22Z}
[2025-07-11T23:37:22.884Z] 🔍 [FRONTEND LOG] 🔍 [WEBSOCKET_DEBUG] Message received: {type: domain_generated, campaignId: 5ab8635a-10c4-4516-a715-beec01f458f5, data: Object, phase: undefined, status: undefined}
[2025-07-11T23:37:22.884Z] 🔍 [FRONTEND LOG] 📥 [WebSocketService] Received message on campaign-5ab8635a-10c4-4516-a715-beec01f458f5: {type: domain_generated, campaignId: 5ab8635a-10c4-4516-a715-beec01f458f5, timestamp: 2025-07-11T23:37:22Z}
[2025-07-11T23:37:22.884Z] 🔍 [FRONTEND LOG] 🔍 [WEBSOCKET_DEBUG] Message received: {type: domain_generated, campaignId: 5ab8635a-10c4-4516-a715-beec01f458f5, data: Object, phase: undefined, status: undefined}
[2025-07-11T23:37:22.884Z] 🔍 [FRONTEND LOG] 📥 [WebSocketService] Received message on campaign-5ab8635a-10c4-4516-a715-beec01f458f5: {type: domain_generated, campaignId: 5ab8635a-10c4-4516-a715-beec01f458f5, timestamp: 2025-07-11T23:37:22Z}
[2025-07-11T23:37:22.884Z] 🔍 [FRONTEND LOG] 🔍 [WEBSOCKET_DEBUG] Message received: {type: domain_generated, campaignId: 5ab8635a-10c4-4516-a715-beec01f458f5, data: Object, phase: undefined, status: undefined}
[2025-07-11T23:37:22.884Z] 🔍 [FRONTEND LOG] 📥 [WebSocketService] Received message on campaign-5ab8635a-10c4-4516-a715-beec01f458f5: {type: domain_generated, campaignId: 5ab8635a-10c4-4516-a715-beec01f458f5, timestamp: 2025-07-11T23:37:22Z}
[2025-07-11T23:37:22.886Z] 🔍 [FRONTEND LOG] 🔍 [WEBSOCKET_DEBUG] Message received: {type: domain_generated, campaignId: 5ab8635a-10c4-4516-a715-beec01f458f5, data: Object, phase: undefined, status: undefined}
[2025-07-11T23:37:22.886Z] 🔍 [FRONTEND LOG] 📥 [WebSocketService] Received message on campaign-5ab8635a-10c4-4516-a715-beec01f458f5: {type: domain_generated, campaignId: 5ab8635a-10c4-4516-a715-beec01f458f5, timestamp: 2025-07-11T23:37:22Z}
[2025-07-11T23:37:22.886Z] 🔍 [FRONTEND LOG] 🔍 [WEBSOCKET_DEBUG] Message received: {type: domain_generated, campaignId: 5ab8635a-10c4-4516-a715-beec01f458f5, data: Object, phase: undefined, status: undefined}
[2025-07-11T23:37:22.886Z] 🔍 [FRONTEND LOG] 📥 [WebSocketService] Received message on campaign-5ab8635a-10c4-4516-a715-beec01f458f5: {type: domain_generated, campaignId: 5ab8635a-10c4-4516-a715-beec01f458f5, timestamp: 2025-07-11T23:37:22Z}
[2025-07-11T23:37:22.886Z] 🔍 [FRONTEND LOG] 🔍 [WEBSOCKET_DEBUG] Message received: {type: domain_generated, campaignId: 5ab8635a-10c4-4516-a715-beec01f458f5, data: Object, phase: undefined, status: undefined}
[2025-07-11T23:37:22.886Z] 🔍 [FRONTEND LOG] 📥 [WebSocketService] Received message on campaign-5ab8635a-10c4-4516-a715-beec01f458f5: {type: domain_generated, campaignId: 5ab8635a-10c4-4516-a715-beec01f458f5, timestamp: 2025-07-11T23:37:22Z}
[2025-07-11T23:37:22.886Z] 🔍 [FRONTEND LOG] 🔍 [WEBSOCKET_DEBUG] Message received: {type: domain_generated, campaignId: 5ab8635a-10c4-4516-a715-beec01f458f5, data: Object, phase: undefined, status: undefined}
[2025-07-11T23:37:22.886Z] 🔍 [FRONTEND LOG] 📥 [WebSocketService] Received message on campaign-5ab8635a-10c4-4516-a715-beec01f458f5: {type: domain_generated, campaignId: 5ab8635a-10c4-4516-a715-beec01f458f5, timestamp: 2025-07-11T23:37:22Z}
[2025-07-11T23:37:22.886Z] 🔍 [FRONTEND LOG] 🔍 [WEBSOCKET_DEBUG] Message received: {type: domain_generated, campaignId: 5ab8635a-10c4-4516-a715-beec01f458f5, data: Object, phase: undefined, status: undefined}
[2025-07-11T23:37:22.886Z] 🔍 [FRONTEND LOG] 📥 [WebSocketService] Received message on campaign-5ab8635a-10c4-4516-a715-beec01f458f5: {type: domain_generated, campaignId: 5ab8635a-10c4-4516-a715-beec01f458f5, timestamp: 2025-07-11T23:37:22Z}
[2025-07-11T23:37:22.886Z] 🔍 [FRONTEND LOG] 🔍 [WEBSOCKET_DEBUG] Message received: {type: domain_generated, campaignId: 5ab8635a-10c4-4516-a715-beec01f458f5, data: Object, phase: undefined, status: undefined}
[2025-07-11T23:37:23.011Z] 🔍 [FRONTEND LOG] 📥 [WebSocketService] Received message on campaign-5ab8635a-10c4-4516-a715-beec01f458f5: {type: domain_generated, campaignId: 5ab8635a-10c4-4516-a715-beec01f458f5, timestamp: 2025-07-11T23:37:22Z}
[2025-07-11T23:37:23.011Z] 🔍 [FRONTEND LOG] 🔍 [WEBSOCKET_DEBUG] Message received: {type: domain_generated, campaignId: 5ab8635a-10c4-4516-a715-beec01f458f5, data: Object, phase: undefined, status: undefined}
[2025-07-11T23:37:23.011Z] 🔍 [FRONTEND LOG] 📥 [WebSocketService] Received message on campaign-5ab8635a-10c4-4516-a715-beec01f458f5: {type: domain_generation_progress, campaignId: 5ab8635a-10c4-4516-a715-beec01f458f5, timestamp: 2025-07-11T23:37:22Z}
[2025-07-11T23:37:23.011Z] 🔍 [FRONTEND LOG] 🔍 [WEBSOCKET_DEBUG] Message received: {type: domain_generation_progress, campaignId: 5ab8635a-10c4-4516-a715-beec01f458f5, data: Object, phase: domain_generation, status: generating}
[2025-07-11T23:37:23.050Z] 🔍 [FRONTEND LOG] 📥 [WebSocketService] Received message on campaign-5ab8635a-10c4-4516-a715-beec01f458f5: {type: campaign_progress, campaignId: 5ab8635a-10c4-4516-a715-beec01f458f5, timestamp: 2025-07-11T23:37:22Z}
[2025-07-11T23:37:23.051Z] 🔍 [FRONTEND LOG] 🔍 [WEBSOCKET_DEBUG] Message received: {type: campaign_progress, campaignId: 5ab8635a-10c4-4516-a715-beec01f458f5, data: Object, phase: domain_generation, status: completed}
[2025-07-11T23:37:23.722Z] ❌ Test error: page.waitForTimeout: Target page, context or browser has been closed

--- Frontend Console Logs ---
[FRONTEND] [LOG] [AppLayout] Cleaning up global WebSocket services
[FRONTEND] [LOG] 🔌 [WebSocketService] Disconnecting all channels
[FRONTEND] [LOG] [DashboardActivity] Connecting to WebSocket for dashboard activity updates...
[FRONTEND] [LOG] 🔗 [WebSocketService] Connecting to channel: dashboard-activity
[FRONTEND] [LOG] 🔗 [WebSocketService] Establishing WebSocket connection for dashboard-activity: ws://localhost:8080/api/v2/ws
[FRONTEND] [LOG] 📝 [WebSocketService] Added subscriber 4sb2fn3z65b to channel dashboard-activity. Total subscribers: 1
[FRONTEND] [LOG] [DashboardActivity] Connecting to WebSocket for dashboard activity updates...
[FRONTEND] [LOG] 🔗 [WebSocketService] Connecting to channel: dashboard-activity
[FRONTEND] [LOG] 📝 [WebSocketService] Added subscriber t6qxlvv4hwb to channel dashboard-activity. Total subscribers: 2
[FRONTEND] [LOG] [DashboardActivity] Connecting to WebSocket for dashboard activity updates...
[FRONTEND] [LOG] 🔗 [WebSocketService] Connecting to channel: dashboard-activity
[FRONTEND] [LOG] 📝 [WebSocketService] Added subscriber 1kploctw6id to channel dashboard-activity. Total subscribers: 3
[FRONTEND] [LOG] [DashboardActivity] Connecting to WebSocket for dashboard activity updates...
[FRONTEND] [LOG] 🔗 [WebSocketService] Connecting to channel: dashboard-activity
[FRONTEND] [LOG] 📝 [WebSocketService] Added subscriber 6o22vt1npzs to channel dashboard-activity. Total subscribers: 4
[FRONTEND] [LOG] ✅ [WebSocketService] Connected to channel: dashboard-activity
[FRONTEND] [LOG] [DashboardActivity] WebSocket connected for dashboard activity push updates
[FRONTEND] [LOG] [DashboardActivity] WebSocket connected for dashboard activity push updates
[FRONTEND] [LOG] [DashboardActivity] WebSocket connected for dashboard activity push updates
[FRONTEND] [LOG] [DashboardActivity] WebSocket connected for dashboard activity push updates
[FRONTEND] [LOG] [CampaignService] Extracted campaign data: {id: 8449c16a-529f-4210-aeac-45908af1d616, name: DNS-Test-1752276653090, campaignType: dns_validation, status: completed, launchSequence: false}
[FRONTEND] [LOG] [CampaignService] Getting DNS validation results for campaign: 8449c16a-529f-4210-aeac-45908af1d616 {limit: 1000}
[FRONTEND] [LOG] [CampaignService] Extracted campaign data: {id: 798e64f0-cecd-4069-b9d8-253929446543, name: DNS-Test-1752267079398, campaignType: domain_generation, status: running, launchSequence: false}
[FRONTEND] [LOG] [CampaignService] Getting DNS validation results for campaign: 798e64f0-cecd-4069-b9d8-253929446543 {limit: 1000}
[FRONTEND] [LOG] [CampaignService] Extracted campaign data: {id: 92f71e7a-a06d-4fa2-bccc-d7d26c5bd6c3, name: DNS-Test-1752276089580, campaignType: domain_generation, status: completed, launchSequence: false}
[FRONTEND] [LOG] [CampaignService] Getting DNS validation results for campaign: 92f71e7a-a06d-4fa2-bccc-d7d26c5bd6c3 {limit: 1000}
[FRONTEND] [LOG] [CampaignService] Extracted campaign data: {id: f7755854-88e4-4bd3-bdf6-b9e47ee3394c, name: DNS-Test-1752276879455, campaignType: dns_validation, status: completed, launchSequence: false}
[FRONTEND] [LOG] [CampaignService] Getting DNS validation results for campaign: f7755854-88e4-4bd3-bdf6-b9e47ee3394c {limit: 1000}
[FRONTEND] [LOG] [CampaignService] Extracted campaign data: {id: 73c3ed0f-f179-4e6b-a3a2-5b6e0e35c480, name: DNS-Test-1752266456097, campaignType: domain_generation, status: completed, launchSequence: false}
[FRONTEND] [LOG] [CampaignService] Getting DNS validation results for campaign: 73c3ed0f-f179-4e6b-a3a2-5b6e0e35c480 {limit: 1000}
[FRONTEND] [LOG] [2025-07-11T23:37:14.276Z] [ProductionReadinessCheck] 🔌 Checking WebSocket connection status...
[FRONTEND] [LOG] [2025-07-11T23:37:14.276Z] [ProductionReadinessCheck] ✅ WebSocket connectivity check PASSED - active persistent connections found
[FRONTEND] [LOG] [2025-07-11T23:37:14.279Z] [ProductionReadinessCheck] 🔌 Checking WebSocket connection status...
[FRONTEND] [LOG] [2025-07-11T23:37:14.280Z] [ProductionReadinessCheck] ✅ WebSocket connectivity check PASSED - active persistent connections found
[FRONTEND] [LOG] 📤 [WebSocketService] Sending message to channel dashboard-activity: {type: connection_init, timestamp: 2025-07-11T23:37:14.281Z}
[FRONTEND] [LOG] 📤 [WebSocketService] Sending message to channel dashboard-activity: {type: subscribe_dashboard_activity, timestamp: 2025-07-11T23:37:14.281Z}
[FRONTEND] [LOG] [2025-07-11T23:37:14.283Z] [ProductionReadinessCheck] 🔌 Checking WebSocket connection status...
[FRONTEND] [LOG] [2025-07-11T23:37:14.283Z] [ProductionReadinessCheck] ✅ WebSocket connectivity check PASSED - active persistent connections found
[FRONTEND] [LOG] [2025-07-11T23:37:14.285Z] [ProductionReadinessCheck] 🔌 Checking WebSocket connection status...
[FRONTEND] [LOG] [2025-07-11T23:37:14.285Z] [ProductionReadinessCheck] ✅ WebSocket connectivity check PASSED - active persistent connections found
[FRONTEND] [LOG] [CampaignService] Extracted campaign data: {id: 8449c16a-529f-4210-aeac-45908af1d616, name: DNS-Test-1752276653090, campaignType: dns_validation, status: completed, launchSequence: false}
[FRONTEND] [LOG] [CampaignService] Getting DNS validation results for campaign: 8449c16a-529f-4210-aeac-45908af1d616 {limit: 1000}
[FRONTEND] [LOG] [CampaignService] Extracted campaign data: {id: f7755854-88e4-4bd3-bdf6-b9e47ee3394c, name: DNS-Test-1752276879455, campaignType: dns_validation, status: completed, launchSequence: false}
[FRONTEND] [LOG] [CampaignService] Getting DNS validation results for campaign: f7755854-88e4-4bd3-bdf6-b9e47ee3394c {limit: 1000}
[FRONTEND] [LOG] [CampaignService] Extracted campaign data: {id: 92f71e7a-a06d-4fa2-bccc-d7d26c5bd6c3, name: DNS-Test-1752276089580, campaignType: domain_generation, status: completed, launchSequence: false}
[FRONTEND] [LOG] [CampaignService] Getting DNS validation results for campaign: 92f71e7a-a06d-4fa2-bccc-d7d26c5bd6c3 {limit: 1000}
[FRONTEND] [LOG] [CampaignService] Extracted campaign data: {id: 73c3ed0f-f179-4e6b-a3a2-5b6e0e35c480, name: DNS-Test-1752266456097, campaignType: domain_generation, status: completed, launchSequence: false}
[FRONTEND] [LOG] [CampaignService] Getting DNS validation results for campaign: 73c3ed0f-f179-4e6b-a3a2-5b6e0e35c480 {limit: 1000}
[FRONTEND] [LOG] [CampaignService] Extracted campaign data: {id: 798e64f0-cecd-4069-b9d8-253929446543, name: DNS-Test-1752267079398, campaignType: domain_generation, status: running, launchSequence: false}
[FRONTEND] [LOG] [CampaignService] Getting DNS validation results for campaign: 798e64f0-cecd-4069-b9d8-253929446543 {limit: 1000}
[FRONTEND] [LOG] [AppLayout] Cleaning up global WebSocket services
[FRONTEND] [LOG] 🔌 [WebSocketService] Disconnecting all channels
[FRONTEND] [LOG] [AppLayout] Cleaning up global WebSocket services
[FRONTEND] [LOG] 🔌 [WebSocketService] Disconnecting all channels
[FRONTEND] [LOG] [AppLayout] Cleaning up global WebSocket services
[FRONTEND] [LOG] 🔌 [WebSocketService] Disconnecting all channels
[FRONTEND] [LOG] [AuthContext] Checking session via backend cookie validation...
[FRONTEND] [LOG] [AuthContext] Checking session via backend cookie validation...
[FRONTEND] [LOG] [AuthContext] DIAGNOSTIC: Backend validation failed but preserving stored auth state with grace period
[FRONTEND] [LOG] [AuthContext] DIAGNOSTIC: Backend validation failed but preserving stored auth state with grace period
[FRONTEND] [LOG] 🚀 [CAMPAIGN_CREATION] Sending payload: {
  "campaignType": "domain_generation",
  "name": "DNS-Test-1752277038066",
  "description": "",
  "launchSequence": true,
  "domainGenerationParams": {
    "patternType": "prefix",
    "variableLength": 3,
    "characterSet": "abcdefghijklmnopqrstuvwxyz0123456789",
    "constantString": "test",
    "tld": ".com",
    "numDomainsToGenerate": 10
  }
}
[FRONTEND] [LOG] [CampaignService] Creating campaign with payload: {campaignType: domain_generation, name: DNS-Test-1752277038066, description: , launchSequence: true, domainGenerationParams: Object}
[FRONTEND] [LOG] 🔍 [DEBUG] WebSocket conditions check: {campaign: undefined, campaignType: undefined, status: undefined, progress: undefined}
[FRONTEND] [LOG] ⏳ [DEBUG] WebSocket WAITING - Campaign data not loaded yet
[FRONTEND] [LOG] 🔍 [DEBUG] WebSocket conditions check: {campaign: undefined, campaignType: undefined, status: undefined, progress: undefined}
[FRONTEND] [LOG] ⏳ [DEBUG] WebSocket WAITING - Campaign data not loaded yet
[FRONTEND] [LOG] 🔍 [DEBUG] WebSocket conditions check: {campaign: 5ab8635a-10c4-4516-a715-beec01f458f5, campaignType: domain_generation, status: queued, progress: 0}
[FRONTEND] [LOG] 🔌 [DEBUG] WebSocket connection decision: {isActiveStatus: true, isCompletedDomainGeneration: false, isDNSValidationActive: false, currentPhase: idle, shouldConnect: true}
[FRONTEND] [LOG] 🔍 [DEBUG] WebSocket conditions check: {campaign: 5ab8635a-10c4-4516-a715-beec01f458f5, campaignType: domain_generation, status: queued, progress: 0}
[FRONTEND] [LOG] 🔌 [DEBUG] WebSocket connection decision: {isActiveStatus: true, isCompletedDomainGeneration: false, isDNSValidationActive: false, currentPhase: idle, shouldConnect: true}
[FRONTEND] [LOG] 🔗 [WebSocketService] Connecting to channel: campaign-5ab8635a-10c4-4516-a715-beec01f458f5
[FRONTEND] [LOG] 🔗 [WebSocketService] Establishing WebSocket connection for campaign-5ab8635a-10c4-4516-a715-beec01f458f5: ws://localhost:8080/api/v2/ws
[FRONTEND] [LOG] 📝 [WebSocketService] Added subscriber dpfgzt40lh to channel campaign-5ab8635a-10c4-4516-a715-beec01f458f5. Total subscribers: 1
[FRONTEND] [LOG] ✅ [WebSocketService] Connected to channel: campaign-5ab8635a-10c4-4516-a715-beec01f458f5
[FRONTEND] [LOG] 📤 [WebSocketService] Sending message to channel campaign-5ab8635a-10c4-4516-a715-beec01f458f5: {type: connection_init, timestamp: 2025-07-11T23:37:22.184Z}
[FRONTEND] [LOG] 📤 [WebSocketService] Sending message to channel campaign-5ab8635a-10c4-4516-a715-beec01f458f5: {type: subscribe_campaign, campaignId: 5ab8635a-10c4-4516-a715-beec01f458f5, timestamp: 2025-07-11T23:37:22.184Z, CampaignID: 5ab8635a-10c4-4516-a715-beec01f458f5}
[FRONTEND] [LOG] 📥 [WebSocketService] Received message on campaign-5ab8635a-10c4-4516-a715-beec01f458f5: {type: connection_ack, campaignId: undefined, timestamp: 2025-07-11T23:37:22Z}
[FRONTEND] [LOG] 🔍 [WEBSOCKET_DEBUG] Message received: {type: connection_ack, campaignId: undefined, data: Object, phase: undefined, status: undefined}
[FRONTEND] [LOG] 📝 [WebSocket] Unhandled message type: connection_ack
[FRONTEND] [LOG] 📥 [WebSocketService] Received message on campaign-5ab8635a-10c4-4516-a715-beec01f458f5: {type: subscription_confirmed, campaignId: 5ab8635a-10c4-4516-a715-beec01f458f5, timestamp: 2025-07-11T23:37:22Z}
[FRONTEND] [LOG] 🔍 [WEBSOCKET_DEBUG] Message received: {type: subscription_confirmed, campaignId: 5ab8635a-10c4-4516-a715-beec01f458f5, data: Object, phase: undefined, status: undefined}
[FRONTEND] [LOG] 📝 [WebSocket] Unhandled message type: subscription_confirmed
[FRONTEND] [LOG] 📥 [WebSocketService] Received message on campaign-5ab8635a-10c4-4516-a715-beec01f458f5: {type: campaign_progress, campaignId: 5ab8635a-10c4-4516-a715-beec01f458f5, timestamp: 2025-07-11T23:37:22Z}
[FRONTEND] [LOG] 🔍 [WEBSOCKET_DEBUG] Message received: {type: campaign_progress, campaignId: 5ab8635a-10c4-4516-a715-beec01f458f5, data: Object, phase: domain_generation, status: running}
[FRONTEND] [LOG] 📥 [WebSocketService] Received message on campaign-5ab8635a-10c4-4516-a715-beec01f458f5: {type: domain_generated, campaignId: 5ab8635a-10c4-4516-a715-beec01f458f5, timestamp: 2025-07-11T23:37:22Z}
[FRONTEND] [LOG] 🔍 [WEBSOCKET_DEBUG] Message received: {type: domain_generated, campaignId: 5ab8635a-10c4-4516-a715-beec01f458f5, data: Object, phase: undefined, status: undefined}
[FRONTEND] [LOG] 📥 [WebSocketService] Received message on campaign-5ab8635a-10c4-4516-a715-beec01f458f5: {type: domain_generated, campaignId: 5ab8635a-10c4-4516-a715-beec01f458f5, timestamp: 2025-07-11T23:37:22Z}
[FRONTEND] [LOG] 🔍 [WEBSOCKET_DEBUG] Message received: {type: domain_generated, campaignId: 5ab8635a-10c4-4516-a715-beec01f458f5, data: Object, phase: undefined, status: undefined}
[FRONTEND] [LOG] 📥 [WebSocketService] Received message on campaign-5ab8635a-10c4-4516-a715-beec01f458f5: {type: domain_generated, campaignId: 5ab8635a-10c4-4516-a715-beec01f458f5, timestamp: 2025-07-11T23:37:22Z}
[FRONTEND] [LOG] 🔍 [WEBSOCKET_DEBUG] Message received: {type: domain_generated, campaignId: 5ab8635a-10c4-4516-a715-beec01f458f5, data: Object, phase: undefined, status: undefined}
[FRONTEND] [LOG] 📥 [WebSocketService] Received message on campaign-5ab8635a-10c4-4516-a715-beec01f458f5: {type: domain_generated, campaignId: 5ab8635a-10c4-4516-a715-beec01f458f5, timestamp: 2025-07-11T23:37:22Z}
[FRONTEND] [LOG] 🔍 [WEBSOCKET_DEBUG] Message received: {type: domain_generated, campaignId: 5ab8635a-10c4-4516-a715-beec01f458f5, data: Object, phase: undefined, status: undefined}
[FRONTEND] [LOG] 📥 [WebSocketService] Received message on campaign-5ab8635a-10c4-4516-a715-beec01f458f5: {type: domain_generated, campaignId: 5ab8635a-10c4-4516-a715-beec01f458f5, timestamp: 2025-07-11T23:37:22Z}
[FRONTEND] [LOG] 🔍 [WEBSOCKET_DEBUG] Message received: {type: domain_generated, campaignId: 5ab8635a-10c4-4516-a715-beec01f458f5, data: Object, phase: undefined, status: undefined}
[FRONTEND] [LOG] 📥 [WebSocketService] Received message on campaign-5ab8635a-10c4-4516-a715-beec01f458f5: {type: domain_generated, campaignId: 5ab8635a-10c4-4516-a715-beec01f458f5, timestamp: 2025-07-11T23:37:22Z}
[FRONTEND] [LOG] 🔍 [WEBSOCKET_DEBUG] Message received: {type: domain_generated, campaignId: 5ab8635a-10c4-4516-a715-beec01f458f5, data: Object, phase: undefined, status: undefined}
[FRONTEND] [LOG] 📥 [WebSocketService] Received message on campaign-5ab8635a-10c4-4516-a715-beec01f458f5: {type: domain_generated, campaignId: 5ab8635a-10c4-4516-a715-beec01f458f5, timestamp: 2025-07-11T23:37:22Z}
[FRONTEND] [LOG] 🔍 [WEBSOCKET_DEBUG] Message received: {type: domain_generated, campaignId: 5ab8635a-10c4-4516-a715-beec01f458f5, data: Object, phase: undefined, status: undefined}
[FRONTEND] [LOG] 📥 [WebSocketService] Received message on campaign-5ab8635a-10c4-4516-a715-beec01f458f5: {type: domain_generated, campaignId: 5ab8635a-10c4-4516-a715-beec01f458f5, timestamp: 2025-07-11T23:37:22Z}
[FRONTEND] [LOG] 🔍 [WEBSOCKET_DEBUG] Message received: {type: domain_generated, campaignId: 5ab8635a-10c4-4516-a715-beec01f458f5, data: Object, phase: undefined, status: undefined}
[FRONTEND] [LOG] 📥 [WebSocketService] Received message on campaign-5ab8635a-10c4-4516-a715-beec01f458f5: {type: domain_generated, campaignId: 5ab8635a-10c4-4516-a715-beec01f458f5, timestamp: 2025-07-11T23:37:22Z}
[FRONTEND] [LOG] 🔍 [WEBSOCKET_DEBUG] Message received: {type: domain_generated, campaignId: 5ab8635a-10c4-4516-a715-beec01f458f5, data: Object, phase: undefined, status: undefined}
[FRONTEND] [LOG] 📥 [WebSocketService] Received message on campaign-5ab8635a-10c4-4516-a715-beec01f458f5: {type: domain_generated, campaignId: 5ab8635a-10c4-4516-a715-beec01f458f5, timestamp: 2025-07-11T23:37:22Z}
[FRONTEND] [LOG] 🔍 [WEBSOCKET_DEBUG] Message received: {type: domain_generated, campaignId: 5ab8635a-10c4-4516-a715-beec01f458f5, data: Object, phase: undefined, status: undefined}
[FRONTEND] [LOG] 📥 [WebSocketService] Received message on campaign-5ab8635a-10c4-4516-a715-beec01f458f5: {type: domain_generation_progress, campaignId: 5ab8635a-10c4-4516-a715-beec01f458f5, timestamp: 2025-07-11T23:37:22Z}
[FRONTEND] [LOG] 🔍 [WEBSOCKET_DEBUG] Message received: {type: domain_generation_progress, campaignId: 5ab8635a-10c4-4516-a715-beec01f458f5, data: Object, phase: domain_generation, status: generating}
[FRONTEND] [LOG] 📥 [WebSocketService] Received message on campaign-5ab8635a-10c4-4516-a715-beec01f458f5: {type: campaign_progress, campaignId: 5ab8635a-10c4-4516-a715-beec01f458f5, timestamp: 2025-07-11T23:37:22Z}
[FRONTEND] [LOG] 🔍 [WEBSOCKET_DEBUG] Message received: {type: campaign_progress, campaignId: 5ab8635a-10c4-4516-a715-beec01f458f5, data: Object, phase: domain_generation, status: completed}

=== End of Test ===